Operating system: Microsoft Windows NT 6.2.9200.0
Opening INI file "C:\Users\Coni\Desktop\projects\the vault\github madness 4\sonic-github-madness-4\SonPLN.ini"...
Game type is S1.
Opening INI file "C:\Users\Coni\Desktop\projects\the vault\github madness 4\sonic-github-madness-4\SonPLN.ini"...
Game type is S1.
Loading Cold Brew...
Plane mappings file "cold brew/Map.bin" not found.
Loading palette file "cold brew/Palette.bin"...
Source: 0 Destination: 0 Length: 16
8x8 tile file "cold brew/Art.bin" not found.
System.AggregateException: حدث خطأ واحد أو أكثر. ---> System.IO.FileNotFoundException: Palette file could not be loaded! Have you set up your disassembly properly?
   عند SonicRetro.SonLVL.SonPLN.MainForm.LoadLevelPalette() في C:\Programs\SonLVL\SonPLN\MainForm.cs:السطر 442
   عند System.Threading.Tasks.Task.InnerInvoke()
   عند System.Threading.Tasks.Task.Execute()
   --- نهاية تتبع بنية تخزين عناصر الاستثناء الداخلي ---
   عند System.Threading.Tasks.Task.FastWaitAll(Task[] tasks)
   عند System.Threading.Tasks.Parallel.Invoke(ParallelOptions parallelOptions, Action[] actions)
   عند System.Threading.Tasks.Parallel.Invoke(Action[] actions)
   عند SonicRetro.SonLVL.SonPLN.MainForm.backgroundLevelLoader_DoWork(Object sender, DoWorkEventArgs e) في C:\Programs\SonLVL\SonPLN\MainForm.cs:السطر 323
---> (الاستثناء الداخلي #0) System.IO.FileNotFoundException: Palette file could not be loaded! Have you set up your disassembly properly?
اسم الملف: 'cold brew/Palette.bin'
   عند SonicRetro.SonLVL.SonPLN.MainForm.LoadLevelPalette() في C:\Programs\SonLVL\SonPLN\MainForm.cs:السطر 442
   عند System.Threading.Tasks.Task.InnerInvoke()
   عند System.Threading.Tasks.Task.Execute()<---

