Operating system: Microsoft Windows NT 6.2.9200.0
Opening INI file "C:\Program Files (x86)\Panda Security\Panda Security Protection\Perdidos\sonic-github-madness-4-asm68k\SonLVL INI Files\SonLVL.ini"...
Game type is S1.
Loading Green Hill Zone Act 1...
Loading 16x16 blocks from file "../map16/GHZ.bin", using compression Enigma...
Loading 256x256 chunks from file "../map256/GHZ.bin", using compression Kosinski...
Loading 8x8 tiles from file "../artnem/8x8 - GHZ1.bin", using compression Nemesis...
Loading FG layout from file "../levels/ghz1.bin", using compression Uncompressed...
Loading 8x8 tiles from file "../artnem/8x8 - GHZ2.bin", using compression Nemesis...
Loading BG layout from file "../levels/ghzbg.bin", using compression Uncompressed...
Loading palette file "../!Characters/Sonic/Palette - Normal.bin"...
Source: 0 Destination: 0 Length: 16
Loading FG layout from file "../levels/ghz2.bin", using compression Uncompressed...
Loading palette file "../palette/Green Hill Zone.bin"...
Source: 0 Destination: 16 Length: 48
Loading FG layout from file "../levels/ghz3.bin", using compression Uncompressed...
Loading FG layout from file "../levels/ending.bin", using compression Uncompressed...
Loading object definition file "obj.ini".
Loading object definition file "obj.rev01.ini".
Loading object definition file "objGHZ.ini".
Loading ObjectDefinition type S1ObjectDefinitions.Common.Ring from "Common\Ring.cs"...
Compiling code file...
Loading ObjectDefinition type S1ObjectDefinitions.Common.InvisibleBlock from "Common\InvisibleBlock.cs"...
Compiling code file...
Loading ObjectDefinition type S1ObjectDefinitions.GHZ.Bridge from "GHZ\Bridge.cs"...
Compiling code file...
Loading ObjectDefinition type S1ObjectDefinitions.GHZ.SwingingPlatform from "GHZ\SwingingPlatform.cs"...
Compiling code file...
Compile succeeded.
Compile succeeded.
Compile succeeded.
Compile succeeded.
Loading ObjectDefinition type S1ObjectDefinitions.GHZ.SpikedPole from "GHZ\SpikedPole.cs"...
Compiling code file...
Compile succeeded.
Loading objects from file "../objpos/ghz1.bin", using compression Uncompressed...
Loading start position "Level Start" from file "../startpos/ghz1.bin"...
Loading start position "Credits Demo 1" from file "../startpos/ghz1 (Credits demo 1).bin"...
Loading start position "Credits Demo 2" from file "../startpos/ghz1 (Credits demo 2).bin"...
Drawing block bitmaps...
Drawing chunk bitmaps...
Level loaded in 1,5369571 second(s).
Load completed.
Loading Green Hill Zone Act 1...
Loading 16x16 blocks from file "../map16/GHZ.bin", using compression Enigma...
Loading 8x8 tiles from file "../artnem/8x8 - GHZ1.bin", using compression Nemesis...
Loading 256x256 chunks from file "../map256/GHZ.bin", using compression Kosinski...
Loading FG layout from file "../levels/ghz1.bin", using compression Uncompressed...
Loading BG layout from file "../levels/ghzbg.bin", using compression Uncompressed...
Loading palette file "../!Characters/Sonic/Palette - Normal.bin"...
Source: 0 Destination: 0 Length: 16
Loading 8x8 tiles from file "../artnem/8x8 - GHZ2.bin", using compression Nemesis...
Loading palette file "../palette/Green Hill Zone.bin"...
Source: 0 Destination: 16 Length: 48
Loading FG layout from file "../levels/ghz2.bin", using compression Uncompressed...
Loading FG layout from file "../levels/ghz3.bin", using compression Uncompressed...
Loading FG layout from file "../levels/ending.bin", using compression Uncompressed...
Loading object definition file "obj.ini".
Loading object definition file "obj.rev01.ini".
Loading object definition file "objGHZ.ini".
Loading ObjectDefinition type S1ObjectDefinitions.Common.Ring from "Common\Ring.cs"...
Loading type from cached assembly "dllcache\S1ObjectDefinitions.Common.Ring.dll"...
Loading ObjectDefinition type S1ObjectDefinitions.Common.InvisibleBlock from "Common\InvisibleBlock.cs"...
Loading type from cached assembly "dllcache\S1ObjectDefinitions.Common.InvisibleBlock.dll"...
Loading ObjectDefinition type S1ObjectDefinitions.GHZ.SwingingPlatform from "GHZ\SwingingPlatform.cs"...
Loading type from cached assembly "dllcache\S1ObjectDefinitions.GHZ.SwingingPlatform.dll"...
Loading ObjectDefinition type S1ObjectDefinitions.GHZ.Bridge from "GHZ\Bridge.cs"...
Loading type from cached assembly "dllcache\S1ObjectDefinitions.GHZ.Bridge.dll"...
Loading ObjectDefinition type S1ObjectDefinitions.GHZ.SpikedPole from "GHZ\SpikedPole.cs"...
Loading type from cached assembly "dllcache\S1ObjectDefinitions.GHZ.SpikedPole.dll"...
Loading objects from file "../objpos/ghz1.bin", using compression Uncompressed...
Loading start position "Level Start" from file "../startpos/ghz1.bin"...
Loading start position "Credits Demo 1" from file "../startpos/ghz1 (Credits demo 1).bin"...
Loading start position "Credits Demo 2" from file "../startpos/ghz1 (Credits demo 2).bin"...
Drawing block bitmaps...
Drawing chunk bitmaps...
Level loaded in 0,2838095 second(s).
Load completed.
Loading Spring Yard Zone Act 1...
Loading 16x16 blocks from file "../map16/SYZ.bin", using compression Enigma...
Loading 8x8 tiles from file "../artnem/8x8 - SYZ.bin", using compression Nemesis...
Loading 256x256 chunks from file "../map256/SYZ.bin", using compression Kosinski...
Loading FG layout from file "../levels/syz1.bin", using compression Uncompressed...
Loading BG layout from file "../levels/syzbg (JP1).bin", using compression Uncompressed...
Loading palette file "../!Characters/Sonic/Palette - Normal.bin"...
Source: 0 Destination: 0 Length: 16
Loading FG layout from file "../levels/syz2.bin", using compression Uncompressed...
Loading FG layout from file "../levels/syz3.bin", using compression Uncompressed...
Loading palette file "../palette/Spring Yard Zone.bin"...
Source: 0 Destination: 16 Length: 48
Loading object definition file "obj.ini".
Loading object definition file "obj.rev01.ini".
Loading object definition file "objSYZ.ini".
Loading ObjectDefinition type S1ObjectDefinitions.Common.Ring from "Common\Ring.cs"...
Loading type from cached assembly "dllcache\S1ObjectDefinitions.Common.Ring.dll"...
Loading ObjectDefinition type S1ObjectDefinitions.Common.InvisibleBlock from "Common\InvisibleBlock.cs"...
Loading type from cached assembly "dllcache\S1ObjectDefinitions.Common.InvisibleBlock.dll"...
Loading ObjectDefinition type S1ObjectDefinitions.SYZ.SpikeballChain from "SYZ\SpikeballChain.cs"...
Compiling code file...
Loading ObjectDefinition type S1ObjectDefinitions.SYZ.Block from "SYZ\Block.cs"...
Compiling code file...
Loading ObjectDefinition type S1ObjectDefinitions.SYZ.BigSpikedBall from "SYZ\BigSpikedBall.cs"...
Compiling code file...
Compile succeeded.
Compile succeeded.
Compile succeeded.
Loading objects from file "../objpos/syz1.bin", using compression Uncompressed...
Loading start position "Level Start" from file "../startpos/syz1.bin"...
Drawing block bitmaps...
Drawing chunk bitmaps...
Level loaded in 1,0846889 second(s).
Load completed.
Loading Spring Yard Zone Act 1...
Loading FG layout from file "../levels/syz1.bin", using compression Uncompressed...
Loading 16x16 blocks from file "../map16/SYZ.bin", using compression Enigma...
Loading 8x8 tiles from file "../artnem/8x8 - SYZ.bin", using compression Nemesis...
Loading 256x256 chunks from file "../map256/SYZ.bin", using compression Kosinski...
Loading BG layout from file "../levels/syzbg (JP1).bin", using compression Uncompressed...
Loading FG layout from file "../levels/syz2.bin", using compression Uncompressed...
Loading palette file "../!Characters/Sonic/Palette - Normal.bin"...
Source: 0 Destination: 0 Length: 16
Loading palette file "../palette/Spring Yard Zone.bin"...
Source: 0 Destination: 16 Length: 48
Loading FG layout from file "../levels/syz3.bin", using compression Uncompressed...
Loading object definition file "obj.ini".
Loading object definition file "obj.rev01.ini".
Loading object definition file "objSYZ.ini".
Loading ObjectDefinition type S1ObjectDefinitions.Common.Ring from "Common\Ring.cs"...
Loading type from cached assembly "dllcache\S1ObjectDefinitions.Common.Ring.dll"...
Loading ObjectDefinition type S1ObjectDefinitions.Common.InvisibleBlock from "Common\InvisibleBlock.cs"...
Loading type from cached assembly "dllcache\S1ObjectDefinitions.Common.InvisibleBlock.dll"...
Loading ObjectDefinition type S1ObjectDefinitions.SYZ.SpikeballChain from "SYZ\SpikeballChain.cs"...
Loading type from cached assembly "dllcache\S1ObjectDefinitions.SYZ.SpikeballChain.dll"...
Loading ObjectDefinition type S1ObjectDefinitions.SYZ.Block from "SYZ\Block.cs"...
Loading type from cached assembly "dllcache\S1ObjectDefinitions.SYZ.Block.dll"...
Loading ObjectDefinition type S1ObjectDefinitions.SYZ.BigSpikedBall from "SYZ\BigSpikedBall.cs"...
Loading type from cached assembly "dllcache\S1ObjectDefinitions.SYZ.BigSpikedBall.dll"...
Loading start position "Level Start" from file "../startpos/syz1.bin"...
Loading objects from file "../objpos/syz1.bin", using compression Uncompressed...
Drawing block bitmaps...
Drawing chunk bitmaps...
Level loaded in 0,3506395 second(s).
Load completed.
Opening INI file "C:\Program Files (x86)\Panda Security\Panda Security Protection\Perdidos\sonic-github-madness-4-asm68k\ATOGKSpongeBob\SonLVL\SonLVL.ini"...
Game type is S1.
Loading Ocean 1...
Loading 256x256 chunks from file "../256x256Ocean.bin", using compression Kosinski...
Loading 8x8 tiles from file "../8x8Ocean.bin", using compression Nemesis...
Loading FG layout from file "../Layout/Layout.bin", using compression Uncompressed...
Loading 16x16 blocks from file "../16x16Ocean.bin", using compression Enigma...
Loading BG layout from file "../Layout/Background.bin", using compression Uncompressed...
Loading palette file "../Player/Main.bin"...
Source: 0 Destination: 0 Length: 16
Loading palette file "../palette/PalOcean.bin"...
Source: 0 Destination: 16 Length: 48
System.AggregateException: Se han producido uno o varios errores. ---> System.IO.FileNotFoundException: Palette file could not be loaded! Have you set up your disassembly properly?
   en SonicRetro.SonLVL.API.LevelData.LoadLevelPalette() en C:\Programs\SonLVL\SonLVLAPI\LevelData.cs:línea 692
   en System.Threading.Tasks.Task.InnerInvoke()
   en System.Threading.Tasks.Task.Execute()
   --- Fin del seguimiento de la pila de la excepción interna ---
   en System.Threading.Tasks.Task.WaitAll(Task[] tasks, Int32 millisecondsTimeout, CancellationToken cancellationToken)
   en System.Threading.Tasks.Task.WaitAll(Task[] tasks, Int32 millisecondsTimeout)
   en System.Threading.Tasks.Parallel.Invoke(ParallelOptions parallelOptions, Action[] actions)
   en System.Threading.Tasks.Parallel.Invoke(Action[] actions)
   en SonicRetro.SonLVL.API.LevelData.LoadLevel(String levelname, Boolean loadGraphics) en C:\Programs\SonLVL\SonLVLAPI\LevelData.cs:línea 185
   en SonicRetro.SonLVL.GUI.MainForm.backgroundLevelLoader_DoWork(Object sender, DoWorkEventArgs e) en C:\Programs\SonLVL\SonLVL\MainForm.cs:línea 578
---> (Nº de excepción interna 0) System.IO.FileNotFoundException: Palette file could not be loaded! Have you set up your disassembly properly?
Nombre de archivo: '../palette/PalOcean.bin'
   en SonicRetro.SonLVL.API.LevelData.LoadLevelPalette() en C:\Programs\SonLVL\SonLVLAPI\LevelData.cs:línea 692
   en System.Threading.Tasks.Task.InnerInvoke()
   en System.Threading.Tasks.Task.Execute()<---

Opening INI file "C:\Program Files (x86)\Panda Security\Panda Security Protection\Perdidos\sonic-github-madness-4-asm68k\ATOGKSpongeBob\SonLVL\SonLVL.ini"...
Game type is S1.
Loading Ocean 1...
Loading 8x8 tiles from file "../8x8Ocean.bin", using compression Nemesis...
Loading 16x16 blocks from file "../16x16Ocean.bin", using compression Enigma...
Loading FG layout from file "../Layout/Layout.bin", using compression Uncompressed...
Loading 256x256 chunks from file "../256x256Ocean.bin", using compression Kosinski...
Loading BG layout from file "../Layout/Background.bin", using compression Uncompressed...
Loading palette file "../Player/Main.bin"...
Source: 0 Destination: 0 Length: 16
Loading palette file "../PalOcean.bin"...
Source: 0 Destination: 16 Length: 48
Loading object definition file "obj.ini".
Loading object definition file "objGHZ.ini".
System.IO.FileNotFoundException: No se pudo encontrar el archivo 'C:\Program Files (x86)\Panda Security\Panda Security Protection\Perdidos\sonic-github-madness-4-asm68k\ATOGKSpongeBob\SonLVL\objGHZ.ini'.
Nombre de archivo: 'C:\Program Files (x86)\Panda Security\Panda Security Protection\Perdidos\sonic-github-madness-4-asm68k\ATOGKSpongeBob\SonLVL\objGHZ.ini'
   en System.IO.__Error.WinIOError(Int32 errorCode, String maybeFullPath)
   en System.IO.FileStream.Init(String path, FileMode mode, FileAccess access, Int32 rights, Boolean useRights, FileShare share, Int32 bufferSize, FileOptions options, SECURITY_ATTRIBUTES secAttrs, String msgPath, Boolean bFromProxy, Boolean useLongPath, Boolean checkHost)
   en System.IO.FileStream..ctor(String path, FileMode mode, FileAccess access, FileShare share, Int32 bufferSize, FileOptions options, String msgPath, Boolean bFromProxy, Boolean useLongPath, Boolean checkHost)
   en System.IO.StreamReader..ctor(String path, Encoding encoding, Boolean detectEncodingFromByteOrderMarks, Int32 bufferSize, Boolean checkHost)
   en System.IO.StreamReader..ctor(String path, Encoding encoding)
   en System.IO.File.InternalReadAllLines(String path, Encoding encoding)
   en System.IO.File.ReadAllLines(String path)
   en SonicRetro.SonLVL.API.LevelData.LoadObjectDefinitionFile(String file) en C:\Programs\SonLVL\SonLVLAPI\LevelData.cs:línea 1550
   en SonicRetro.SonLVL.API.LevelData.LoadLevel(String levelname, Boolean loadGraphics) en C:\Programs\SonLVL\SonLVLAPI\LevelData.cs:línea 320
   en SonicRetro.SonLVL.GUI.MainForm.backgroundLevelLoader_DoWork(Object sender, DoWorkEventArgs e) en C:\Programs\SonLVL\SonLVL\MainForm.cs:línea 578
